// Jest Snapshot v1, https://goo.gl/fbAQLP

exports[`snapshot 1`] = `
Object {
  "a": 12345,
  "b": "kala",
  "x": "ertyuiop",
}
`;
